2025-07-03 09:14:33,543 [Worker-5: Loading available Gradle versions] INFO  o.e.b.c.i.u.g.PublishedGradleVersions - Gradle version information cache is not available. Remote download required.
2025-07-03 09:27:44,207 [Worker-17: Launching mavenrun-a098c2a3-e812-4e32-b80a-6b7c23bf9bc7] INFO  o.e.m.i.launch.MavenLaunchDelegate - C:\Sprint-workspace
2025-07-03 09:27:44,216 [Worker-17: Launching mavenrun-a098c2a3-e812-4e32-b80a-6b7c23bf9bc7] INFO  o.e.m.i.launch.MavenLaunchDelegate -  mvn -DjunitVersion=5.11.0 -DarchetypeVersion=1.5 -Dpackage=com.ixigo.ixigo -DarchetypeGroupId=org.apache.maven.archetypes -DarchetypeArtifactId=maven-archetype-quickstart -DgroupId=com.ixigo -DartifactId=ixigo -DoutputDirectory=C:\Sprint-workspace -DjavaCompilerVersion=17 -Dversion=0.0.1-SNAPSHOT -Dstyle.color=always -U archetype:generate
2025-07-03 09:28:05,190 [Worker-10: Creating maven-archetype-quickstart] INFO  o.e.m.c.i.p.ProjectConfigurationManager - Collecting project info '/pom.xml' C:\Sprint-workspace\ixigo\pom.xml
2025-07-03 09:28:06,422 [Worker-10: Creating maven-archetype-quickstart] INFO  o.e.m.c.i.l.LifecycleMappingFactory - Using org.eclipse.m2e.jdt.JarLifecycleMapping lifecycle mapping for MavenProject: com.ixigo:ixigo:0.0.1-SNAPSHOT @ C:\Sprint-workspace\ixigo\pom.xml.
2025-07-03 09:28:07,689 [Worker-10: Creating maven-archetype-quickstart] INFO  o.e.m.j.i.AbstractJavaProjectConfigurator - Adding source folder /ixigo/src/main/java
2025-07-03 09:28:07,702 [Worker-10: Creating maven-archetype-quickstart] INFO  o.e.m.j.i.AbstractJavaProjectConfigurator - Adding source folder /ixigo/src/test/java
2025-07-03 09:28:08,441 [Worker-10: Creating maven-archetype-quickstart] INFO  o.e.m.c.i.p.ProjectConfigurationManager - Imported and configured 1 project(s) in 3 sec
2025-07-03 09:28:09,635 [Worker-17: Building] INFO  o.a.m.s.f.DefaultMavenResourcesFiltering - skip non existing resourceDirectory C:\Sprint-workspace\ixigo\src\main\resources
2025-07-03 09:28:09,643 [Worker-17: Building] INFO  o.a.m.s.f.DefaultMavenResourcesFiltering - skip non existing resourceDirectory C:\Sprint-workspace\ixigo\src\test\resources
2025-07-03 09:33:32,671 [Worker-21: Building] INFO  o.e.m.c.i.l.LifecycleMappingFactory - Using org.eclipse.m2e.jdt.JarLifecycleMapping lifecycle mapping for MavenProject: com.ixigo:ixigo:0.0.1-SNAPSHOT @ C:\Sprint-workspace\ixigo\pom.xml.
2025-07-03 09:33:35,228 [Worker-21: Building] INFO  o.a.m.s.f.DefaultMavenResourcesFiltering - skip non existing resourceDirectory C:\Sprint-workspace\ixigo\src\main\resources
2025-07-03 09:33:35,234 [Worker-21: Building] INFO  o.a.m.s.f.DefaultMavenResourcesFiltering - skip non existing resourceDirectory C:\Sprint-workspace\ixigo\src\test\resources
2025-07-03 09:33:37,460 [Worker-21: Building] INFO  o.a.m.s.f.DefaultMavenResourcesFiltering - skip non existing resourceDirectory C:\Sprint-workspace\ixigo\src\main\resources
2025-07-03 09:33:37,466 [Worker-21: Building] INFO  o.a.m.s.f.DefaultMavenResourcesFiltering - skip non existing resourceDirectory C:\Sprint-workspace\ixigo\src\test\resources
2025-07-03 09:40:28,676 [Worker-22: Building] INFO  o.a.m.s.f.DefaultMavenResourcesFiltering - skip non existing resourceDirectory C:\Sprint-workspace\ixigo\src\main\resources
2025-07-03 09:40:28,686 [Worker-22: Building] INFO  o.a.m.s.f.DefaultMavenResourcesFiltering - skip non existing resourceDirectory C:\Sprint-workspace\ixigo\src\test\resources
2025-07-03 09:40:52,469 [Worker-21: Building] INFO  o.a.m.s.f.DefaultMavenResourcesFiltering - skip non existing resourceDirectory C:\Sprint-workspace\ixigo\src\main\resources
2025-07-03 09:40:52,477 [Worker-21: Building] INFO  o.a.m.s.f.DefaultMavenResourcesFiltering - skip non existing resourceDirectory C:\Sprint-workspace\ixigo\src\test\resources
2025-07-03 09:41:37,244 [Worker-10: Building] INFO  o.a.m.s.f.DefaultMavenResourcesFiltering - skip non existing resourceDirectory C:\Sprint-workspace\ixigo\src\main\resources
2025-07-03 09:41:37,252 [Worker-10: Building] INFO  o.a.m.s.f.DefaultMavenResourcesFiltering - skip non existing resourceDirectory C:\Sprint-workspace\ixigo\src\test\resources
2025-07-03 09:42:12,868 [Worker-21: Building] INFO  o.a.m.s.f.DefaultMavenResourcesFiltering - skip non existing resourceDirectory C:\Sprint-workspace\ixigo\src\main\resources
2025-07-03 09:42:12,877 [Worker-21: Building] INFO  o.a.m.s.f.DefaultMavenResourcesFiltering - skip non existing resourceDirectory C:\Sprint-workspace\ixigo\src\test\resources
2025-07-03 09:42:32,904 [Worker-19: Building] INFO  o.a.m.s.f.DefaultMavenResourcesFiltering - skip non existing resourceDirectory C:\Sprint-workspace\ixigo\src\main\resources
2025-07-03 09:42:32,913 [Worker-19: Building] INFO  o.a.m.s.f.DefaultMavenResourcesFiltering - skip non existing resourceDirectory C:\Sprint-workspace\ixigo\src\test\resources
2025-07-03 09:43:28,863 [Worker-10: Building] INFO  o.a.m.s.f.DefaultMavenResourcesFiltering - skip non existing resourceDirectory C:\Sprint-workspace\ixigo\src\main\resources
2025-07-03 09:43:28,872 [Worker-10: Building] INFO  o.a.m.s.f.DefaultMavenResourcesFiltering - skip non existing resourceDirectory C:\Sprint-workspace\ixigo\src\test\resources
2025-07-03 09:43:58,535 [Worker-19: Building] INFO  o.a.m.s.f.DefaultMavenResourcesFiltering - skip non existing resourceDirectory C:\Sprint-workspace\ixigo\src\main\resources
2025-07-03 09:43:58,544 [Worker-19: Building] INFO  o.a.m.s.f.DefaultMavenResourcesFiltering - skip non existing resourceDirectory C:\Sprint-workspace\ixigo\src\test\resources
2025-07-03 09:44:32,136 [Worker-21: Building] INFO  o.a.m.s.f.DefaultMavenResourcesFiltering - skip non existing resourceDirectory C:\Sprint-workspace\ixigo\src\main\resources
2025-07-03 09:44:32,142 [Worker-21: Building] INFO  o.a.m.s.f.DefaultMavenResourcesFiltering - skip non existing resourceDirectory C:\Sprint-workspace\ixigo\src\test\resources
2025-07-03 09:45:11,072 [Worker-10: Building] INFO  o.a.m.s.f.DefaultMavenResourcesFiltering - skip non existing resourceDirectory C:\Sprint-workspace\ixigo\src\main\resources
2025-07-03 09:45:11,080 [Worker-10: Building] INFO  o.a.m.s.f.DefaultMavenResourcesFiltering - skip non existing resourceDirectory C:\Sprint-workspace\ixigo\src\test\resources
2025-07-03 09:45:30,704 [Worker-10: Building] INFO  o.a.m.s.f.DefaultMavenResourcesFiltering - skip non existing resourceDirectory C:\Sprint-workspace\ixigo\src\main\resources
2025-07-03 09:45:30,710 [Worker-10: Building] INFO  o.a.m.s.f.DefaultMavenResourcesFiltering - skip non existing resourceDirectory C:\Sprint-workspace\ixigo\src\test\resources
2025-07-03 09:46:03,187 [Worker-24: Building] INFO  o.a.m.s.f.DefaultMavenResourcesFiltering - skip non existing resourceDirectory C:\Sprint-workspace\ixigo\src\main\resources
2025-07-03 09:46:03,199 [Worker-24: Building] INFO  o.a.m.s.f.DefaultMavenResourcesFiltering - skip non existing resourceDirectory C:\Sprint-workspace\ixigo\src\test\resources
2025-07-03 09:49:13,221 [Worker-22: Building] INFO  o.a.m.s.f.DefaultMavenResourcesFiltering - skip non existing resourceDirectory C:\Sprint-workspace\ixigo\src\main\resources
2025-07-03 09:49:13,226 [Worker-22: Building] INFO  o.a.m.s.f.DefaultMavenResourcesFiltering - skip non existing resourceDirectory C:\Sprint-workspace\ixigo\src\test\resources
2025-07-03 09:50:20,028 [Worker-22: Building] INFO  o.a.m.s.f.DefaultMavenResourcesFiltering - skip non existing resourceDirectory C:\Sprint-workspace\ixigo\src\main\resources
2025-07-03 09:50:20,035 [Worker-22: Building] INFO  o.a.m.s.f.DefaultMavenResourcesFiltering - skip non existing resourceDirectory C:\Sprint-workspace\ixigo\src\test\resources
2025-07-03 09:52:05,287 [Worker-25: Building] INFO  o.a.m.s.f.DefaultMavenResourcesFiltering - skip non existing resourceDirectory C:\Sprint-workspace\ixigo\src\main\resources
2025-07-03 09:52:05,293 [Worker-25: Building] INFO  o.a.m.s.f.DefaultMavenResourcesFiltering - skip non existing resourceDirectory C:\Sprint-workspace\ixigo\src\test\resources
2025-07-03 09:53:15,819 [Worker-27: Building] INFO  o.a.m.s.f.DefaultMavenResourcesFiltering - skip non existing resourceDirectory C:\Sprint-workspace\ixigo\src\main\resources
2025-07-03 09:53:15,825 [Worker-27: Building] INFO  o.a.m.s.f.DefaultMavenResourcesFiltering - skip non existing resourceDirectory C:\Sprint-workspace\ixigo\src\test\resources
2025-07-03 09:55:34,395 [Worker-25: Building] INFO  o.a.m.s.f.DefaultMavenResourcesFiltering - skip non existing resourceDirectory C:\Sprint-workspace\ixigo\src\main\resources
2025-07-03 09:55:34,401 [Worker-25: Building] INFO  o.a.m.s.f.DefaultMavenResourcesFiltering - skip non existing resourceDirectory C:\Sprint-workspace\ixigo\src\test\resources
2025-07-03 09:56:28,072 [Worker-25: Building] INFO  o.a.m.s.f.DefaultMavenResourcesFiltering - skip non existing resourceDirectory C:\Sprint-workspace\ixigo\src\main\resources
2025-07-03 09:56:28,081 [Worker-25: Building] INFO  o.a.m.s.f.DefaultMavenResourcesFiltering - skip non existing resourceDirectory C:\Sprint-workspace\ixigo\src\test\resources
2025-07-03 11:04:00,903 [Worker-30: Building] INFO  o.a.m.s.f.DefaultMavenResourcesFiltering - skip non existing resourceDirectory C:\Sprint-workspace\ixigo\src\main\resources
2025-07-03 11:04:00,914 [Worker-30: Building] INFO  o.a.m.s.f.DefaultMavenResourcesFiltering - skip non existing resourceDirectory C:\Sprint-workspace\ixigo\src\test\resources
2025-07-03 16:39:29,792 [Worker-52: Building] INFO  o.a.m.s.f.DefaultMavenResourcesFiltering - skip non existing resourceDirectory C:\Sprint-workspace\ixigo\src\main\resources
2025-07-03 16:39:29,800 [Worker-52: Building] INFO  o.a.m.s.f.DefaultMavenResourcesFiltering - skip non existing resourceDirectory C:\Sprint-workspace\ixigo\src\test\resources
2025-07-03 16:42:04,307 [Worker-52: Building] INFO  o.a.m.s.f.DefaultMavenResourcesFiltering - skip non existing resourceDirectory C:\Sprint-workspace\ixigo\src\main\resources
2025-07-03 16:42:04,313 [Worker-52: Building] INFO  o.a.m.s.f.DefaultMavenResourcesFiltering - skip non existing resourceDirectory C:\Sprint-workspace\ixigo\src\test\resources
2025-07-03 16:45:18,112 [Worker-52: Building] INFO  o.a.m.s.f.DefaultMavenResourcesFiltering - skip non existing resourceDirectory C:\Sprint-workspace\ixigo\src\main\resources
2025-07-03 16:45:18,115 [Worker-52: Building] INFO  o.a.m.s.f.DefaultMavenResourcesFiltering - skip non existing resourceDirectory C:\Sprint-workspace\ixigo\src\test\resources
2025-07-03 16:45:28,043 [Worker-47: Building] INFO  o.a.m.s.f.DefaultMavenResourcesFiltering - skip non existing resourceDirectory C:\Sprint-workspace\ixigo\src\main\resources
2025-07-03 16:45:28,047 [Worker-47: Building] INFO  o.a.m.s.f.DefaultMavenResourcesFiltering - skip non existing resourceDirectory C:\Sprint-workspace\ixigo\src\test\resources
2025-07-03 16:46:10,468 [Worker-46: Building] INFO  o.a.m.s.f.DefaultMavenResourcesFiltering - skip non existing resourceDirectory C:\Sprint-workspace\ixigo\src\main\resources
2025-07-03 16:46:10,471 [Worker-46: Building] INFO  o.a.m.s.f.DefaultMavenResourcesFiltering - skip non existing resourceDirectory C:\Sprint-workspace\ixigo\src\test\resources
2025-07-03 16:47:25,474 [Worker-45: Launching TestRunnerjunit] ERROR o.e.m.j.i.l.MavenRuntimeClasspathProvider - Could not resolve JUnit5 dependency org.junit.platform:junit-platform-launcher:1.11.0
org.eclipse.core.runtime.CoreException: Could not resolve artifact org.junit.platform:junit-platform-launcher:jar:1.11.0
	at org.eclipse.m2e.core.internal.embedder.MavenImpl.lambda$6(MavenImpl.java:608) ~[na:na]
	at org.eclipse.m2e.core.internal.embedder.MavenExecutionContext.executeBare(MavenExecutionContext.java:350) ~[na:na]
	at org.eclipse.m2e.core.internal.embedder.MavenExecutionContext.execute(MavenExecutionContext.java:219) ~[na:na]
	at org.eclipse.m2e.core.internal.embedder.MavenExecutionContext.execute(MavenExecutionContext.java:205) ~[na:na]
	at org.eclipse.m2e.core.internal.embedder.MavenImpl.resolve(MavenImpl.java:577) ~[na:na]
	at org.eclipse.m2e.core.internal.embedder.MavenImpl.resolve(MavenImpl.java:562) ~[na:na]
	at org.eclipse.m2e.jdt.internal.launch.MavenRuntimeClasspathProvider.addResolvedJUnit5Dependency(MavenRuntimeClasspathProvider.java:294) ~[na:na]
	at org.eclipse.m2e.jdt.internal.launch.MavenRuntimeClasspathProvider.addMissingJUnit5ExecutionDependencies(MavenRuntimeClasspathProvider.java:275) ~[na:na]
	at org.eclipse.m2e.jdt.internal.launch.MavenRuntimeClasspathProvider.addMavenClasspathEntries(MavenRuntimeClasspathProvider.java:235) ~[na:na]
	at org.eclipse.m2e.jdt.internal.launch.MavenRuntimeClasspathProvider.resolveClasspath0(MavenRuntimeClasspathProvider.java:188) ~[na:na]
	at org.eclipse.m2e.jdt.internal.launch.MavenRuntimeClasspathProvider.lambda$2(MavenRuntimeClasspathProvider.java:171) ~[na:na]
	at org.eclipse.m2e.core.internal.embedder.MavenExecutionContext.executeBare(MavenExecutionContext.java:350) ~[na:na]
	at org.eclipse.m2e.core.internal.embedder.MavenExecutionContext.execute(MavenExecutionContext.java:262) ~[na:na]
	at org.eclipse.m2e.core.internal.embedder.MavenExecutionContext.execute(MavenExecutionContext.java:205) ~[na:na]
	at org.eclipse.m2e.jdt.internal.launch.MavenRuntimeClasspathProvider.resolveClasspath(MavenRuntimeClasspathProvider.java:171) ~[na:na]
	at org.eclipse.jdt.internal.launching.RuntimeClasspathProvider.resolveClasspath(RuntimeClasspathProvider.java:68) ~[na:na]
	at org.eclipse.jdt.launching.JavaRuntime.resolveRuntimeClasspath(JavaRuntime.java:1664) ~[na:na]
	at org.eclipse.jdt.launching.AbstractJavaLaunchConfigurationDelegate.getClasspathAndModulepath(AbstractJavaLaunchConfigurationDelegate.java:464) ~[na:na]
	at org.eclipse.jdt.junit.launcher.JUnitLaunchConfigurationDelegate.getClasspathAndModulepath(JUnitLaunchConfigurationDelegate.java:649) ~[na:na]
	at org.eclipse.jdt.junit.launcher.JUnitLaunchConfigurationDelegate.getVMRunnerConfiguration(JUnitLaunchConfigurationDelegate.java:196) ~[na:na]
	at org.eclipse.jdt.junit.launcher.JUnitLaunchConfigurationDelegate.launch(JUnitLaunchConfigurationDelegate.java:279) ~[na:na]
	at org.eclipse.debug.internal.core.LaunchConfiguration.launch(LaunchConfiguration.java:805) ~[na:na]
	at org.eclipse.debug.internal.core.LaunchConfiguration.launch(LaunchConfiguration.java:716) ~[na:na]
	at org.eclipse.debug.internal.ui.DebugUIPlugin.buildAndLaunch(DebugUIPlugin.java:1038) ~[na:na]
	at org.eclipse.debug.internal.ui.DebugUIPlugin$1.run(DebugUIPlugin.java:1241) ~[na:na]
	at org.eclipse.core.internal.jobs.Worker.run(Worker.java:63) ~[org.eclipse.core.jobs_3.15.200.v20231214-1526.jar:na]
2025-07-03 16:47:25,487 [Worker-45: Launching TestRunnerjunit] ERROR o.e.m.j.i.l.MavenRuntimeClasspathProvider - Could not resolve JUnit5 dependency org.junit.platform:junit-platform-engine:1.11.0
org.eclipse.core.runtime.CoreException: Could not resolve artifact org.junit.platform:junit-platform-engine:jar:1.11.0
	at org.eclipse.m2e.core.internal.embedder.MavenImpl.lambda$6(MavenImpl.java:608) ~[na:na]
	at org.eclipse.m2e.core.internal.embedder.MavenExecutionContext.executeBare(MavenExecutionContext.java:350) ~[na:na]
	at org.eclipse.m2e.core.internal.embedder.MavenExecutionContext.execute(MavenExecutionContext.java:219) ~[na:na]
	at org.eclipse.m2e.core.internal.embedder.MavenExecutionContext.execute(MavenExecutionContext.java:205) ~[na:na]
	at org.eclipse.m2e.core.internal.embedder.MavenImpl.resolve(MavenImpl.java:577) ~[na:na]
	at org.eclipse.m2e.core.internal.embedder.MavenImpl.resolve(MavenImpl.java:562) ~[na:na]
	at org.eclipse.m2e.jdt.internal.launch.MavenRuntimeClasspathProvider.addResolvedJUnit5Dependency(MavenRuntimeClasspathProvider.java:294) ~[na:na]
	at org.eclipse.m2e.jdt.internal.launch.MavenRuntimeClasspathProvider.addMissingJUnit5ExecutionDependencies(MavenRuntimeClasspathProvider.java:280) ~[na:na]
	at org.eclipse.m2e.jdt.internal.launch.MavenRuntimeClasspathProvider.addMavenClasspathEntries(MavenRuntimeClasspathProvider.java:235) ~[na:na]
	at org.eclipse.m2e.jdt.internal.launch.MavenRuntimeClasspathProvider.resolveClasspath0(MavenRuntimeClasspathProvider.java:188) ~[na:na]
	at org.eclipse.m2e.jdt.internal.launch.MavenRuntimeClasspathProvider.lambda$2(MavenRuntimeClasspathProvider.java:171) ~[na:na]
	at org.eclipse.m2e.core.internal.embedder.MavenExecutionContext.executeBare(MavenExecutionContext.java:350) ~[na:na]
	at org.eclipse.m2e.core.internal.embedder.MavenExecutionContext.execute(MavenExecutionContext.java:262) ~[na:na]
	at org.eclipse.m2e.core.internal.embedder.MavenExecutionContext.execute(MavenExecutionContext.java:205) ~[na:na]
	at org.eclipse.m2e.jdt.internal.launch.MavenRuntimeClasspathProvider.resolveClasspath(MavenRuntimeClasspathProvider.java:171) ~[na:na]
	at org.eclipse.jdt.internal.launching.RuntimeClasspathProvider.resolveClasspath(RuntimeClasspathProvider.java:68) ~[na:na]
	at org.eclipse.jdt.launching.JavaRuntime.resolveRuntimeClasspath(JavaRuntime.java:1664) ~[na:na]
	at org.eclipse.jdt.launching.AbstractJavaLaunchConfigurationDelegate.getClasspathAndModulepath(AbstractJavaLaunchConfigurationDelegate.java:464) ~[na:na]
	at org.eclipse.jdt.junit.launcher.JUnitLaunchConfigurationDelegate.getClasspathAndModulepath(JUnitLaunchConfigurationDelegate.java:649) ~[na:na]
	at org.eclipse.jdt.junit.launcher.JUnitLaunchConfigurationDelegate.getVMRunnerConfiguration(JUnitLaunchConfigurationDelegate.java:196) ~[na:na]
	at org.eclipse.jdt.junit.launcher.JUnitLaunchConfigurationDelegate.launch(JUnitLaunchConfigurationDelegate.java:279) ~[na:na]
	at org.eclipse.debug.internal.core.LaunchConfiguration.launch(LaunchConfiguration.java:805) ~[na:na]
	at org.eclipse.debug.internal.core.LaunchConfiguration.launch(LaunchConfiguration.java:716) ~[na:na]
	at org.eclipse.debug.internal.ui.DebugUIPlugin.buildAndLaunch(DebugUIPlugin.java:1038) ~[na:na]
	at org.eclipse.debug.internal.ui.DebugUIPlugin$1.run(DebugUIPlugin.java:1241) ~[na:na]
	at org.eclipse.core.internal.jobs.Worker.run(Worker.java:63) ~[org.eclipse.core.jobs_3.15.200.v20231214-1526.jar:na]
2025-07-03 16:47:25,494 [Worker-45: Launching TestRunnerjunit] ERROR o.e.m.j.i.l.MavenRuntimeClasspathProvider - Could not resolve JUnit5 dependency org.junit.jupiter:junit-jupiter-engine:5.11.0
org.eclipse.core.runtime.CoreException: Could not resolve artifact org.junit.jupiter:junit-jupiter-engine:jar:5.11.0
	at org.eclipse.m2e.core.internal.embedder.MavenImpl.lambda$6(MavenImpl.java:608) ~[na:na]
	at org.eclipse.m2e.core.internal.embedder.MavenExecutionContext.executeBare(MavenExecutionContext.java:350) ~[na:na]
	at org.eclipse.m2e.core.internal.embedder.MavenExecutionContext.execute(MavenExecutionContext.java:219) ~[na:na]
	at org.eclipse.m2e.core.internal.embedder.MavenExecutionContext.execute(MavenExecutionContext.java:205) ~[na:na]
	at org.eclipse.m2e.core.internal.embedder.MavenImpl.resolve(MavenImpl.java:577) ~[na:na]
	at org.eclipse.m2e.core.internal.embedder.MavenImpl.resolve(MavenImpl.java:562) ~[na:na]
	at org.eclipse.m2e.jdt.internal.launch.MavenRuntimeClasspathProvider.addResolvedJUnit5Dependency(MavenRuntimeClasspathProvider.java:294) ~[na:na]
	at org.eclipse.m2e.jdt.internal.launch.MavenRuntimeClasspathProvider.addMissingJUnit5ExecutionDependencies(MavenRuntimeClasspathProvider.java:285) ~[na:na]
	at org.eclipse.m2e.jdt.internal.launch.MavenRuntimeClasspathProvider.addMavenClasspathEntries(MavenRuntimeClasspathProvider.java:235) ~[na:na]
	at org.eclipse.m2e.jdt.internal.launch.MavenRuntimeClasspathProvider.resolveClasspath0(MavenRuntimeClasspathProvider.java:188) ~[na:na]
	at org.eclipse.m2e.jdt.internal.launch.MavenRuntimeClasspathProvider.lambda$2(MavenRuntimeClasspathProvider.java:171) ~[na:na]
	at org.eclipse.m2e.core.internal.embedder.MavenExecutionContext.executeBare(MavenExecutionContext.java:350) ~[na:na]
	at org.eclipse.m2e.core.internal.embedder.MavenExecutionContext.execute(MavenExecutionContext.java:262) ~[na:na]
	at org.eclipse.m2e.core.internal.embedder.MavenExecutionContext.execute(MavenExecutionContext.java:205) ~[na:na]
	at org.eclipse.m2e.jdt.internal.launch.MavenRuntimeClasspathProvider.resolveClasspath(MavenRuntimeClasspathProvider.java:171) ~[na:na]
	at org.eclipse.jdt.internal.launching.RuntimeClasspathProvider.resolveClasspath(RuntimeClasspathProvider.java:68) ~[na:na]
	at org.eclipse.jdt.launching.JavaRuntime.resolveRuntimeClasspath(JavaRuntime.java:1664) ~[na:na]
	at org.eclipse.jdt.launching.AbstractJavaLaunchConfigurationDelegate.getClasspathAndModulepath(AbstractJavaLaunchConfigurationDelegate.java:464) ~[na:na]
	at org.eclipse.jdt.junit.launcher.JUnitLaunchConfigurationDelegate.getClasspathAndModulepath(JUnitLaunchConfigurationDelegate.java:649) ~[na:na]
	at org.eclipse.jdt.junit.launcher.JUnitLaunchConfigurationDelegate.getVMRunnerConfiguration(JUnitLaunchConfigurationDelegate.java:196) ~[na:na]
	at org.eclipse.jdt.junit.launcher.JUnitLaunchConfigurationDelegate.launch(JUnitLaunchConfigurationDelegate.java:279) ~[na:na]
	at org.eclipse.debug.internal.core.LaunchConfiguration.launch(LaunchConfiguration.java:805) ~[na:na]
	at org.eclipse.debug.internal.core.LaunchConfiguration.launch(LaunchConfiguration.java:716) ~[na:na]
	at org.eclipse.debug.internal.ui.DebugUIPlugin.buildAndLaunch(DebugUIPlugin.java:1038) ~[na:na]
	at org.eclipse.debug.internal.ui.DebugUIPlugin$1.run(DebugUIPlugin.java:1241) ~[na:na]
	at org.eclipse.core.internal.jobs.Worker.run(Worker.java:63) ~[org.eclipse.core.jobs_3.15.200.v20231214-1526.jar:na]
2025-07-03 16:47:26,147 [Worker-45: Launching TestRunnerjunit] ERROR o.e.m.j.i.l.MavenRuntimeClasspathProvider - Could not resolve JUnit5 dependency org.junit.platform:junit-platform-launcher:1.11.0
org.eclipse.core.runtime.CoreException: Could not resolve artifact org.junit.platform:junit-platform-launcher:jar:1.11.0
	at org.eclipse.m2e.core.internal.embedder.MavenImpl.lambda$6(MavenImpl.java:608) ~[na:na]
	at org.eclipse.m2e.core.internal.embedder.MavenExecutionContext.executeBare(MavenExecutionContext.java:350) ~[na:na]
	at org.eclipse.m2e.core.internal.embedder.MavenExecutionContext.execute(MavenExecutionContext.java:219) ~[na:na]
	at org.eclipse.m2e.core.internal.embedder.MavenExecutionContext.execute(MavenExecutionContext.java:205) ~[na:na]
	at org.eclipse.m2e.core.internal.embedder.MavenImpl.resolve(MavenImpl.java:577) ~[na:na]
	at org.eclipse.m2e.core.internal.embedder.MavenImpl.resolve(MavenImpl.java:562) ~[na:na]
	at org.eclipse.m2e.jdt.internal.launch.MavenRuntimeClasspathProvider.addResolvedJUnit5Dependency(MavenRuntimeClasspathProvider.java:294) ~[na:na]
	at org.eclipse.m2e.jdt.internal.launch.MavenRuntimeClasspathProvider.addMissingJUnit5ExecutionDependencies(MavenRuntimeClasspathProvider.java:275) ~[na:na]
	at org.eclipse.m2e.jdt.internal.launch.MavenRuntimeClasspathProvider.addMavenClasspathEntries(MavenRuntimeClasspathProvider.java:235) ~[na:na]
	at org.eclipse.m2e.jdt.internal.launch.MavenRuntimeClasspathProvider.resolveClasspath0(MavenRuntimeClasspathProvider.java:188) ~[na:na]
	at org.eclipse.m2e.jdt.internal.launch.MavenRuntimeClasspathProvider.lambda$2(MavenRuntimeClasspathProvider.java:171) ~[na:na]
	at org.eclipse.m2e.core.internal.embedder.MavenExecutionContext.executeBare(MavenExecutionContext.java:350) ~[na:na]
	at org.eclipse.m2e.core.internal.embedder.MavenExecutionContext.execute(MavenExecutionContext.java:262) ~[na:na]
	at org.eclipse.m2e.core.internal.embedder.MavenExecutionContext.execute(MavenExecutionContext.java:205) ~[na:na]
	at org.eclipse.m2e.jdt.internal.launch.MavenRuntimeClasspathProvider.resolveClasspath(MavenRuntimeClasspathProvider.java:171) ~[na:na]
	at org.eclipse.jdt.internal.launching.RuntimeClasspathProvider.resolveClasspath(RuntimeClasspathProvider.java:68) ~[na:na]
	at org.eclipse.jdt.launching.JavaRuntime.resolveRuntimeClasspath(JavaRuntime.java:1664) ~[na:na]
	at org.eclipse.jdt.launching.AbstractJavaLaunchConfigurationDelegate.getModuleCLIOptions(AbstractJavaLaunchConfigurationDelegate.java:1156) ~[na:na]
	at org.eclipse.jdt.junit.launcher.JUnitLaunchConfigurationDelegate.getVMRunnerConfiguration(JUnitLaunchConfigurationDelegate.java:256) ~[na:na]
	at org.eclipse.jdt.junit.launcher.JUnitLaunchConfigurationDelegate.launch(JUnitLaunchConfigurationDelegate.java:279) ~[na:na]
	at org.eclipse.debug.internal.core.LaunchConfiguration.launch(LaunchConfiguration.java:805) ~[na:na]
	at org.eclipse.debug.internal.core.LaunchConfiguration.launch(LaunchConfiguration.java:716) ~[na:na]
	at org.eclipse.debug.internal.ui.DebugUIPlugin.buildAndLaunch(DebugUIPlugin.java:1038) ~[na:na]
	at org.eclipse.debug.internal.ui.DebugUIPlugin$1.run(DebugUIPlugin.java:1241) ~[na:na]
	at org.eclipse.core.internal.jobs.Worker.run(Worker.java:63) ~[org.eclipse.core.jobs_3.15.200.v20231214-1526.jar:na]
2025-07-03 16:47:26,153 [Worker-45: Launching TestRunnerjunit] ERROR o.e.m.j.i.l.MavenRuntimeClasspathProvider - Could not resolve JUnit5 dependency org.junit.platform:junit-platform-engine:1.11.0
org.eclipse.core.runtime.CoreException: Could not resolve artifact org.junit.platform:junit-platform-engine:jar:1.11.0
	at org.eclipse.m2e.core.internal.embedder.MavenImpl.lambda$6(MavenImpl.java:608) ~[na:na]
	at org.eclipse.m2e.core.internal.embedder.MavenExecutionContext.executeBare(MavenExecutionContext.java:350) ~[na:na]
	at org.eclipse.m2e.core.internal.embedder.MavenExecutionContext.execute(MavenExecutionContext.java:219) ~[na:na]
	at org.eclipse.m2e.core.internal.embedder.MavenExecutionContext.execute(MavenExecutionContext.java:205) ~[na:na]
	at org.eclipse.m2e.core.internal.embedder.MavenImpl.resolve(MavenImpl.java:577) ~[na:na]
	at org.eclipse.m2e.core.internal.embedder.MavenImpl.resolve(MavenImpl.java:562) ~[na:na]
	at org.eclipse.m2e.jdt.internal.launch.MavenRuntimeClasspathProvider.addResolvedJUnit5Dependency(MavenRuntimeClasspathProvider.java:294) ~[na:na]
	at org.eclipse.m2e.jdt.internal.launch.MavenRuntimeClasspathProvider.addMissingJUnit5ExecutionDependencies(MavenRuntimeClasspathProvider.java:280) ~[na:na]
	at org.eclipse.m2e.jdt.internal.launch.MavenRuntimeClasspathProvider.addMavenClasspathEntries(MavenRuntimeClasspathProvider.java:235) ~[na:na]
	at org.eclipse.m2e.jdt.internal.launch.MavenRuntimeClasspathProvider.resolveClasspath0(MavenRuntimeClasspathProvider.java:188) ~[na:na]
	at org.eclipse.m2e.jdt.internal.launch.MavenRuntimeClasspathProvider.lambda$2(MavenRuntimeClasspathProvider.java:171) ~[na:na]
	at org.eclipse.m2e.core.internal.embedder.MavenExecutionContext.executeBare(MavenExecutionContext.java:350) ~[na:na]
	at org.eclipse.m2e.core.internal.embedder.MavenExecutionContext.execute(MavenExecutionContext.java:262) ~[na:na]
	at org.eclipse.m2e.core.internal.embedder.MavenExecutionContext.execute(MavenExecutionContext.java:205) ~[na:na]
	at org.eclipse.m2e.jdt.internal.launch.MavenRuntimeClasspathProvider.resolveClasspath(MavenRuntimeClasspathProvider.java:171) ~[na:na]
	at org.eclipse.jdt.internal.launching.RuntimeClasspathProvider.resolveClasspath(RuntimeClasspathProvider.java:68) ~[na:na]
	at org.eclipse.jdt.launching.JavaRuntime.resolveRuntimeClasspath(JavaRuntime.java:1664) ~[na:na]
	at org.eclipse.jdt.launching.AbstractJavaLaunchConfigurationDelegate.getModuleCLIOptions(AbstractJavaLaunchConfigurationDelegate.java:1156) ~[na:na]
	at org.eclipse.jdt.junit.launcher.JUnitLaunchConfigurationDelegate.getVMRunnerConfiguration(JUnitLaunchConfigurationDelegate.java:256) ~[na:na]
	at org.eclipse.jdt.junit.launcher.JUnitLaunchConfigurationDelegate.launch(JUnitLaunchConfigurationDelegate.java:279) ~[na:na]
	at org.eclipse.debug.internal.core.LaunchConfiguration.launch(LaunchConfiguration.java:805) ~[na:na]
	at org.eclipse.debug.internal.core.LaunchConfiguration.launch(LaunchConfiguration.java:716) ~[na:na]
	at org.eclipse.debug.internal.ui.DebugUIPlugin.buildAndLaunch(DebugUIPlugin.java:1038) ~[na:na]
	at org.eclipse.debug.internal.ui.DebugUIPlugin$1.run(DebugUIPlugin.java:1241) ~[na:na]
	at org.eclipse.core.internal.jobs.Worker.run(Worker.java:63) ~[org.eclipse.core.jobs_3.15.200.v20231214-1526.jar:na]
2025-07-03 16:47:26,158 [Worker-45: Launching TestRunnerjunit] ERROR o.e.m.j.i.l.MavenRuntimeClasspathProvider - Could not resolve JUnit5 dependency org.junit.jupiter:junit-jupiter-engine:5.11.0
org.eclipse.core.runtime.CoreException: Could not resolve artifact org.junit.jupiter:junit-jupiter-engine:jar:5.11.0
	at org.eclipse.m2e.core.internal.embedder.MavenImpl.lambda$6(MavenImpl.java:608) ~[na:na]
	at org.eclipse.m2e.core.internal.embedder.MavenExecutionContext.executeBare(MavenExecutionContext.java:350) ~[na:na]
	at org.eclipse.m2e.core.internal.embedder.MavenExecutionContext.execute(MavenExecutionContext.java:219) ~[na:na]
	at org.eclipse.m2e.core.internal.embedder.MavenExecutionContext.execute(MavenExecutionContext.java:205) ~[na:na]
	at org.eclipse.m2e.core.internal.embedder.MavenImpl.resolve(MavenImpl.java:577) ~[na:na]
	at org.eclipse.m2e.core.internal.embedder.MavenImpl.resolve(MavenImpl.java:562) ~[na:na]
	at org.eclipse.m2e.jdt.internal.launch.MavenRuntimeClasspathProvider.addResolvedJUnit5Dependency(MavenRuntimeClasspathProvider.java:294) ~[na:na]
	at org.eclipse.m2e.jdt.internal.launch.MavenRuntimeClasspathProvider.addMissingJUnit5ExecutionDependencies(MavenRuntimeClasspathProvider.java:285) ~[na:na]
	at org.eclipse.m2e.jdt.internal.launch.MavenRuntimeClasspathProvider.addMavenClasspathEntries(MavenRuntimeClasspathProvider.java:235) ~[na:na]
	at org.eclipse.m2e.jdt.internal.launch.MavenRuntimeClasspathProvider.resolveClasspath0(MavenRuntimeClasspathProvider.java:188) ~[na:na]
	at org.eclipse.m2e.jdt.internal.launch.MavenRuntimeClasspathProvider.lambda$2(MavenRuntimeClasspathProvider.java:171) ~[na:na]
	at org.eclipse.m2e.core.internal.embedder.MavenExecutionContext.executeBare(MavenExecutionContext.java:350) ~[na:na]
	at org.eclipse.m2e.core.internal.embedder.MavenExecutionContext.execute(MavenExecutionContext.java:262) ~[na:na]
	at org.eclipse.m2e.core.internal.embedder.MavenExecutionContext.execute(MavenExecutionContext.java:205) ~[na:na]
	at org.eclipse.m2e.jdt.internal.launch.MavenRuntimeClasspathProvider.resolveClasspath(MavenRuntimeClasspathProvider.java:171) ~[na:na]
	at org.eclipse.jdt.internal.launching.RuntimeClasspathProvider.resolveClasspath(RuntimeClasspathProvider.java:68) ~[na:na]
	at org.eclipse.jdt.launching.JavaRuntime.resolveRuntimeClasspath(JavaRuntime.java:1664) ~[na:na]
	at org.eclipse.jdt.launching.AbstractJavaLaunchConfigurationDelegate.getModuleCLIOptions(AbstractJavaLaunchConfigurationDelegate.java:1156) ~[na:na]
	at org.eclipse.jdt.junit.launcher.JUnitLaunchConfigurationDelegate.getVMRunnerConfiguration(JUnitLaunchConfigurationDelegate.java:256) ~[na:na]
	at org.eclipse.jdt.junit.launcher.JUnitLaunchConfigurationDelegate.launch(JUnitLaunchConfigurationDelegate.java:279) ~[na:na]
	at org.eclipse.debug.internal.core.LaunchConfiguration.launch(LaunchConfiguration.java:805) ~[na:na]
	at org.eclipse.debug.internal.core.LaunchConfiguration.launch(LaunchConfiguration.java:716) ~[na:na]
	at org.eclipse.debug.internal.ui.DebugUIPlugin.buildAndLaunch(DebugUIPlugin.java:1038) ~[na:na]
	at org.eclipse.debug.internal.ui.DebugUIPlugin$1.run(DebugUIPlugin.java:1241) ~[na:na]
	at org.eclipse.core.internal.jobs.Worker.run(Worker.java:63) ~[org.eclipse.core.jobs_3.15.200.v20231214-1526.jar:na]
2025-07-03 16:48:51,530 [Worker-47: Building] INFO  o.a.m.s.f.DefaultMavenResourcesFiltering - skip non existing resourceDirectory C:\Sprint-workspace\ixigo\src\main\resources
2025-07-03 16:48:51,533 [Worker-47: Building] INFO  o.a.m.s.f.DefaultMavenResourcesFiltering - skip non existing resourceDirectory C:\Sprint-workspace\ixigo\src\test\resources
2025-07-03 16:51:35,732 [Worker-4: Loading available Gradle versions] INFO  o.e.b.c.i.u.g.PublishedGradleVersions - Gradle version information cache is up-to-date. Trying to read.
2025-07-03 16:51:41,281 [Worker-4: Building] INFO  o.a.m.s.f.DefaultMavenResourcesFiltering - skip non existing resourceDirectory C:\Sprint-workspace\ixigo\src\main\resources
2025-07-03 16:51:41,292 [Worker-4: Building] INFO  o.a.m.s.f.DefaultMavenResourcesFiltering - skip non existing resourceDirectory C:\Sprint-workspace\ixigo\src\test\resources
2025-07-03 16:52:39,466 [Worker-12: Launching TestRunnerjunit] INFO  o.a.m.s.f.DefaultMavenResourcesFiltering - skip non existing resourceDirectory C:\Sprint-workspace\ixigo\src\main\resources
2025-07-03 16:52:39,475 [Worker-12: Launching TestRunnerjunit] INFO  o.a.m.s.f.DefaultMavenResourcesFiltering - skip non existing resourceDirectory C:\Sprint-workspace\ixigo\src\test\resources
2025-07-03 16:53:26,981 [Worker-0: Building] INFO  o.a.m.s.f.DefaultMavenResourcesFiltering - skip non existing resourceDirectory C:\Sprint-workspace\ixigo\src\main\resources
2025-07-03 16:53:26,986 [Worker-0: Building] INFO  o.a.m.s.f.DefaultMavenResourcesFiltering - skip non existing resourceDirectory C:\Sprint-workspace\ixigo\src\test\resources
2025-07-03 16:57:18,413 [Worker-23: Building] INFO  o.a.m.s.f.DefaultMavenResourcesFiltering - skip non existing resourceDirectory C:\Sprint-workspace\ixigo\src\main\resources
2025-07-03 16:57:18,418 [Worker-23: Building] INFO  o.a.m.s.f.DefaultMavenResourcesFiltering - skip non existing resourceDirectory C:\Sprint-workspace\ixigo\src\test\resources
2025-07-03 17:00:02,156 [Worker-15: Building] INFO  o.a.m.s.f.DefaultMavenResourcesFiltering - skip non existing resourceDirectory C:\Sprint-workspace\ixigo\src\main\resources
2025-07-03 17:00:02,161 [Worker-15: Building] INFO  o.a.m.s.f.DefaultMavenResourcesFiltering - skip non existing resourceDirectory C:\Sprint-workspace\ixigo\src\test\resources
2025-07-03 17:09:30,484 [Worker-17: Building] INFO  o.a.m.s.f.DefaultMavenResourcesFiltering - skip non existing resourceDirectory C:\Sprint-workspace\ixigo\src\main\resources
2025-07-03 17:09:30,490 [Worker-17: Building] INFO  o.a.m.s.f.DefaultMavenResourcesFiltering - skip non existing resourceDirectory C:\Sprint-workspace\ixigo\src\test\resources
2025-07-03 17:20:21,011 [Worker-25: Building] INFO  o.a.m.s.f.DefaultMavenResourcesFiltering - skip non existing resourceDirectory C:\Sprint-workspace\ixigo\src\main\resources
2025-07-03 17:20:21,017 [Worker-25: Building] INFO  o.a.m.s.f.DefaultMavenResourcesFiltering - skip non existing resourceDirectory C:\Sprint-workspace\ixigo\src\test\resources
2025-07-03 17:21:54,137 [Worker-25: Building] INFO  o.a.m.s.f.DefaultMavenResourcesFiltering - skip non existing resourceDirectory C:\Sprint-workspace\ixigo\src\main\resources
2025-07-03 17:21:54,154 [Worker-25: Building] INFO  o.a.m.s.f.DefaultMavenResourcesFiltering - skip non existing resourceDirectory C:\Sprint-workspace\ixigo\src\test\resources
2025-07-03 17:24:21,318 [Worker-25: Building] INFO  o.a.m.s.f.DefaultMavenResourcesFiltering - skip non existing resourceDirectory C:\Sprint-workspace\ixigo\src\main\resources
2025-07-03 17:24:21,333 [Worker-25: Building] INFO  o.a.m.s.f.DefaultMavenResourcesFiltering - skip non existing resourceDirectory C:\Sprint-workspace\ixigo\src\test\resources
2025-07-03 17:33:19,510 [Worker-25: Building] INFO  o.a.m.s.f.DefaultMavenResourcesFiltering - skip non existing resourceDirectory C:\Sprint-workspace\ixigo\src\main\resources
2025-07-03 17:33:19,516 [Worker-25: Building] INFO  o.a.m.s.f.DefaultMavenResourcesFiltering - skip non existing resourceDirectory C:\Sprint-workspace\ixigo\src\test\resources
2025-07-03 17:33:43,028 [Worker-29: Building] INFO  o.a.m.s.f.DefaultMavenResourcesFiltering - skip non existing resourceDirectory C:\Sprint-workspace\ixigo\src\main\resources
2025-07-03 17:33:43,036 [Worker-29: Building] INFO  o.a.m.s.f.DefaultMavenResourcesFiltering - skip non existing resourceDirectory C:\Sprint-workspace\ixigo\src\test\resources
2025-07-03 17:44:54,407 [Worker-29: Building] INFO  o.a.m.s.f.DefaultMavenResourcesFiltering - skip non existing resourceDirectory C:\Sprint-workspace\ixigo\src\main\resources
2025-07-03 17:44:54,415 [Worker-29: Building] INFO  o.a.m.s.f.DefaultMavenResourcesFiltering - skip non existing resourceDirectory C:\Sprint-workspace\ixigo\src\test\resources
2025-07-03 17:46:19,790 [Worker-32: Building] INFO  o.a.m.s.f.DefaultMavenResourcesFiltering - skip non existing resourceDirectory C:\Sprint-workspace\ixigo\src\main\resources
2025-07-03 17:46:19,795 [Worker-32: Building] INFO  o.a.m.s.f.DefaultMavenResourcesFiltering - skip non existing resourceDirectory C:\Sprint-workspace\ixigo\src\test\resources
2025-07-03 17:47:03,566 [Worker-30: Building] INFO  o.a.m.s.f.DefaultMavenResourcesFiltering - skip non existing resourceDirectory C:\Sprint-workspace\ixigo\src\main\resources
2025-07-03 17:47:03,571 [Worker-30: Building] INFO  o.a.m.s.f.DefaultMavenResourcesFiltering - skip non existing resourceDirectory C:\Sprint-workspace\ixigo\src\test\resources
2025-07-03 17:49:59,757 [Worker-29: Building] INFO  o.a.m.s.f.DefaultMavenResourcesFiltering - skip non existing resourceDirectory C:\Sprint-workspace\ixigo\src\main\resources
2025-07-03 17:49:59,764 [Worker-29: Building] INFO  o.a.m.s.f.DefaultMavenResourcesFiltering - skip non existing resourceDirectory C:\Sprint-workspace\ixigo\src\test\resources
2025-07-03 17:50:31,572 [Worker-33: Building] INFO  o.a.m.s.f.DefaultMavenResourcesFiltering - skip non existing resourceDirectory C:\Sprint-workspace\ixigo\src\main\resources
2025-07-03 17:50:31,578 [Worker-33: Building] INFO  o.a.m.s.f.DefaultMavenResourcesFiltering - skip non existing resourceDirectory C:\Sprint-workspace\ixigo\src\test\resources
2025-07-03 17:50:51,342 [Worker-25: Building] INFO  o.a.m.s.f.DefaultMavenResourcesFiltering - skip non existing resourceDirectory C:\Sprint-workspace\ixigo\src\main\resources
2025-07-03 17:50:51,349 [Worker-25: Building] INFO  o.a.m.s.f.DefaultMavenResourcesFiltering - skip non existing resourceDirectory C:\Sprint-workspace\ixigo\src\test\resources
2025-07-03 17:53:59,263 [Worker-35: Building] INFO  o.a.m.s.f.DefaultMavenResourcesFiltering - skip non existing resourceDirectory C:\Sprint-workspace\ixigo\src\main\resources
2025-07-03 17:53:59,268 [Worker-35: Building] INFO  o.a.m.s.f.DefaultMavenResourcesFiltering - skip non existing resourceDirectory C:\Sprint-workspace\ixigo\src\test\resources
2025-07-03 17:54:06,886 [Worker-33: Building] INFO  o.a.m.s.f.DefaultMavenResourcesFiltering - skip non existing resourceDirectory C:\Sprint-workspace\ixigo\src\main\resources
2025-07-03 17:54:06,892 [Worker-33: Building] INFO  o.a.m.s.f.DefaultMavenResourcesFiltering - skip non existing resourceDirectory C:\Sprint-workspace\ixigo\src\test\resources
2025-07-04 09:16:51,205 [Worker-6: Loading available Gradle versions] INFO  o.e.b.c.i.u.g.PublishedGradleVersions - Gradle version information cache is out-of-date. Trying to update.
2025-07-04 09:16:58,391 [Worker-10: Building] INFO  o.a.m.s.f.DefaultMavenResourcesFiltering - skip non existing resourceDirectory C:\Sprint-workspace\ixigo\src\main\resources
2025-07-04 09:16:58,403 [Worker-10: Building] INFO  o.a.m.s.f.DefaultMavenResourcesFiltering - skip non existing resourceDirectory C:\Sprint-workspace\ixigo\src\test\resources
2025-07-04 09:26:27,942 [Worker-31: Building] INFO  o.a.m.s.f.DefaultMavenResourcesFiltering - skip non existing resourceDirectory C:\Sprint-workspace\ixigo\src\main\resources
2025-07-04 09:26:27,952 [Worker-31: Building] INFO  o.a.m.s.f.DefaultMavenResourcesFiltering - skip non existing resourceDirectory C:\Sprint-workspace\ixigo\src\test\resources
2025-07-04 09:28:49,362 [Worker-34: Building] INFO  o.a.m.s.f.DefaultMavenResourcesFiltering - skip non existing resourceDirectory C:\Sprint-workspace\ixigo\src\main\resources
2025-07-04 09:28:49,372 [Worker-34: Building] INFO  o.a.m.s.f.DefaultMavenResourcesFiltering - skip non existing resourceDirectory C:\Sprint-workspace\ixigo\src\test\resources
2025-07-04 09:35:17,609 [Worker-32: Building] INFO  o.a.m.s.f.DefaultMavenResourcesFiltering - skip non existing resourceDirectory C:\Sprint-workspace\ixigo\src\main\resources
2025-07-04 09:35:17,614 [Worker-32: Building] INFO  o.a.m.s.f.DefaultMavenResourcesFiltering - skip non existing resourceDirectory C:\Sprint-workspace\ixigo\src\test\resources
2025-07-04 09:39:03,679 [Worker-38: Building] INFO  o.a.m.s.f.DefaultMavenResourcesFiltering - skip non existing resourceDirectory C:\Sprint-workspace\ixigo\src\main\resources
2025-07-04 09:39:03,686 [Worker-38: Building] INFO  o.a.m.s.f.DefaultMavenResourcesFiltering - skip non existing resourceDirectory C:\Sprint-workspace\ixigo\src\test\resources
2025-07-04 09:39:13,108 [Worker-38: Building] INFO  o.a.m.s.f.DefaultMavenResourcesFiltering - skip non existing resourceDirectory C:\Sprint-workspace\ixigo\src\main\resources
2025-07-04 09:39:13,114 [Worker-38: Building] INFO  o.a.m.s.f.DefaultMavenResourcesFiltering - skip non existing resourceDirectory C:\Sprint-workspace\ixigo\src\test\resources
2025-07-04 09:42:47,997 [Worker-32: Building] INFO  o.a.m.s.f.DefaultMavenResourcesFiltering - skip non existing resourceDirectory C:\Sprint-workspace\ixigo\src\main\resources
2025-07-04 09:42:48,001 [Worker-32: Building] INFO  o.a.m.s.f.DefaultMavenResourcesFiltering - skip non existing resourceDirectory C:\Sprint-workspace\ixigo\src\test\resources
2025-07-04 09:43:06,547 [Worker-32: Building] INFO  o.a.m.s.f.DefaultMavenResourcesFiltering - skip non existing resourceDirectory C:\Sprint-workspace\ixigo\src\main\resources
2025-07-04 09:43:06,554 [Worker-32: Building] INFO  o.a.m.s.f.DefaultMavenResourcesFiltering - skip non existing resourceDirectory C:\Sprint-workspace\ixigo\src\test\resources
2025-07-04 09:44:39,867 [Worker-32: Building] INFO  o.a.m.s.f.DefaultMavenResourcesFiltering - skip non existing resourceDirectory C:\Sprint-workspace\ixigo\src\main\resources
2025-07-04 09:44:39,872 [Worker-32: Building] INFO  o.a.m.s.f.DefaultMavenResourcesFiltering - skip non existing resourceDirectory C:\Sprint-workspace\ixigo\src\test\resources
2025-07-04 09:44:45,427 [Worker-34: Building] INFO  o.a.m.s.f.DefaultMavenResourcesFiltering - skip non existing resourceDirectory C:\Sprint-workspace\ixigo\src\main\resources
2025-07-04 09:44:45,433 [Worker-34: Building] INFO  o.a.m.s.f.DefaultMavenResourcesFiltering - skip non existing resourceDirectory C:\Sprint-workspace\ixigo\src\test\resources
2025-07-04 09:47:31,336 [Worker-36: Building] INFO  o.a.m.s.f.DefaultMavenResourcesFiltering - skip non existing resourceDirectory C:\Sprint-workspace\ixigo\src\main\resources
2025-07-04 09:47:31,342 [Worker-36: Building] INFO  o.a.m.s.f.DefaultMavenResourcesFiltering - skip non existing resourceDirectory C:\Sprint-workspace\ixigo\src\test\resources
2025-07-04 09:48:28,194 [Worker-37: Building] INFO  o.a.m.s.f.DefaultMavenResourcesFiltering - skip non existing resourceDirectory C:\Sprint-workspace\ixigo\src\main\resources
2025-07-04 09:48:28,199 [Worker-37: Building] INFO  o.a.m.s.f.DefaultMavenResourcesFiltering - skip non existing resourceDirectory C:\Sprint-workspace\ixigo\src\test\resources
2025-07-04 09:55:39,651 [Worker-34: Building] INFO  o.a.m.s.f.DefaultMavenResourcesFiltering - skip non existing resourceDirectory C:\Sprint-workspace\ixigo\src\main\resources
2025-07-04 09:55:39,659 [Worker-34: Building] INFO  o.a.m.s.f.DefaultMavenResourcesFiltering - skip non existing resourceDirectory C:\Sprint-workspace\ixigo\src\test\resources
2025-07-04 10:03:31,494 [Worker-32: Building] INFO  o.a.m.s.f.DefaultMavenResourcesFiltering - skip non existing resourceDirectory C:\Sprint-workspace\ixigo\src\main\resources
2025-07-04 10:03:31,501 [Worker-32: Building] INFO  o.a.m.s.f.DefaultMavenResourcesFiltering - skip non existing resourceDirectory C:\Sprint-workspace\ixigo\src\test\resources
2025-07-04 10:17:44,811 [Worker-34: Building] INFO  o.a.m.s.f.DefaultMavenResourcesFiltering - skip non existing resourceDirectory C:\Sprint-workspace\ixigo\src\main\resources
2025-07-04 10:17:44,818 [Worker-34: Building] INFO  o.a.m.s.f.DefaultMavenResourcesFiltering - skip non existing resourceDirectory C:\Sprint-workspace\ixigo\src\test\resources
2025-07-04 10:22:13,439 [Worker-39: Building] INFO  o.a.m.s.f.DefaultMavenResourcesFiltering - skip non existing resourceDirectory C:\Sprint-workspace\ixigo\src\main\resources
2025-07-04 10:22:13,449 [Worker-39: Building] INFO  o.a.m.s.f.DefaultMavenResourcesFiltering - skip non existing resourceDirectory C:\Sprint-workspace\ixigo\src\test\resources
2025-07-04 10:22:28,843 [Worker-39: Building] INFO  o.a.m.s.f.DefaultMavenResourcesFiltering - skip non existing resourceDirectory C:\Sprint-workspace\ixigo\src\main\resources
2025-07-04 10:22:28,849 [Worker-39: Building] INFO  o.a.m.s.f.DefaultMavenResourcesFiltering - skip non existing resourceDirectory C:\Sprint-workspace\ixigo\src\test\resources
2025-07-04 10:52:33,251 [Worker-44: Building] INFO  o.a.m.s.f.DefaultMavenResourcesFiltering - skip non existing resourceDirectory C:\Sprint-workspace\ixigo\src\main\resources
2025-07-04 10:52:33,258 [Worker-44: Building] INFO  o.a.m.s.f.DefaultMavenResourcesFiltering - skip non existing resourceDirectory C:\Sprint-workspace\ixigo\src\test\resources
2025-07-04 10:56:24,088 [Worker-39: Building] INFO  o.a.m.s.f.DefaultMavenResourcesFiltering - skip non existing resourceDirectory C:\Sprint-workspace\ixigo\src\main\resources
2025-07-04 10:56:24,093 [Worker-39: Building] INFO  o.a.m.s.f.DefaultMavenResourcesFiltering - skip non existing resourceDirectory C:\Sprint-workspace\ixigo\src\test\resources
2025-07-04 11:01:53,845 [Worker-44: Building] INFO  o.a.m.s.f.DefaultMavenResourcesFiltering - skip non existing resourceDirectory C:\Sprint-workspace\ixigo\src\main\resources
2025-07-04 11:01:53,848 [Worker-44: Building] INFO  o.a.m.s.f.DefaultMavenResourcesFiltering - skip non existing resourceDirectory C:\Sprint-workspace\ixigo\src\test\resources
2025-07-04 11:02:57,513 [Worker-39: Building] INFO  o.a.m.s.f.DefaultMavenResourcesFiltering - skip non existing resourceDirectory C:\Sprint-workspace\ixigo\src\main\resources
2025-07-04 11:02:57,517 [Worker-39: Building] INFO  o.a.m.s.f.DefaultMavenResourcesFiltering - skip non existing resourceDirectory C:\Sprint-workspace\ixigo\src\test\resources
2025-07-04 11:03:01,150 [Worker-44: Building] INFO  o.a.m.s.f.DefaultMavenResourcesFiltering - skip non existing resourceDirectory C:\Sprint-workspace\ixigo\src\main\resources
2025-07-04 11:03:01,156 [Worker-44: Building] INFO  o.a.m.s.f.DefaultMavenResourcesFiltering - skip non existing resourceDirectory C:\Sprint-workspace\ixigo\src\test\resources
2025-07-04 11:03:53,185 [Worker-45: Building] INFO  o.a.m.s.f.DefaultMavenResourcesFiltering - skip non existing resourceDirectory C:\Sprint-workspace\ixigo\src\main\resources
2025-07-04 11:03:53,187 [Worker-45: Building] INFO  o.a.m.s.f.DefaultMavenResourcesFiltering - skip non existing resourceDirectory C:\Sprint-workspace\ixigo\src\test\resources
2025-07-04 11:04:47,311 [Worker-47: Building] INFO  o.a.m.s.f.DefaultMavenResourcesFiltering - skip non existing resourceDirectory C:\Sprint-workspace\ixigo\src\main\resources
2025-07-04 11:04:47,313 [Worker-47: Building] INFO  o.a.m.s.f.DefaultMavenResourcesFiltering - skip non existing resourceDirectory C:\Sprint-workspace\ixigo\src\test\resources
2025-07-04 11:04:53,296 [Worker-46: Building] INFO  o.a.m.s.f.DefaultMavenResourcesFiltering - skip non existing resourceDirectory C:\Sprint-workspace\ixigo\src\main\resources
2025-07-04 11:04:53,299 [Worker-46: Building] INFO  o.a.m.s.f.DefaultMavenResourcesFiltering - skip non existing resourceDirectory C:\Sprint-workspace\ixigo\src\test\resources
2025-07-04 11:05:36,508 [Worker-45: Building] INFO  o.a.m.s.f.DefaultMavenResourcesFiltering - skip non existing resourceDirectory C:\Sprint-workspace\ixigo\src\main\resources
2025-07-04 11:05:36,511 [Worker-45: Building] INFO  o.a.m.s.f.DefaultMavenResourcesFiltering - skip non existing resourceDirectory C:\Sprint-workspace\ixigo\src\test\resources
2025-07-04 11:08:47,963 [Worker-45: Building] INFO  o.a.m.s.f.DefaultMavenResourcesFiltering - skip non existing resourceDirectory C:\Sprint-workspace\ixigo\src\main\resources
2025-07-04 11:08:47,968 [Worker-45: Building] INFO  o.a.m.s.f.DefaultMavenResourcesFiltering - skip non existing resourceDirectory C:\Sprint-workspace\ixigo\src\test\resources
2025-07-04 11:11:41,976 [Worker-47: Launching TestRunnerjunit] INFO  o.a.m.s.f.DefaultMavenResourcesFiltering - skip non existing resourceDirectory C:\Sprint-workspace\ixigo\src\main\resources
2025-07-04 11:11:41,982 [Worker-47: Launching TestRunnerjunit] INFO  o.a.m.s.f.DefaultMavenResourcesFiltering - skip non existing resourceDirectory C:\Sprint-workspace\ixigo\src\test\resources
2025-07-04 11:12:19,526 [Worker-45: Building] INFO  o.a.m.s.f.DefaultMavenResourcesFiltering - skip non existing resourceDirectory C:\Sprint-workspace\ixigo\src\main\resources
2025-07-04 11:12:19,531 [Worker-45: Building] INFO  o.a.m.s.f.DefaultMavenResourcesFiltering - skip non existing resourceDirectory C:\Sprint-workspace\ixigo\src\test\resources
2025-07-04 11:13:31,237 [Worker-45: Building] INFO  o.a.m.s.f.DefaultMavenResourcesFiltering - skip non existing resourceDirectory C:\Sprint-workspace\ixigo\src\main\resources
2025-07-04 11:13:31,244 [Worker-45: Building] INFO  o.a.m.s.f.DefaultMavenResourcesFiltering - skip non existing resourceDirectory C:\Sprint-workspace\ixigo\src\test\resources
2025-07-04 11:13:36,006 [Worker-51: Building] INFO  o.a.m.s.f.DefaultMavenResourcesFiltering - skip non existing resourceDirectory C:\Sprint-workspace\ixigo\src\main\resources
2025-07-04 11:13:36,012 [Worker-51: Building] INFO  o.a.m.s.f.DefaultMavenResourcesFiltering - skip non existing resourceDirectory C:\Sprint-workspace\ixigo\src\test\resources
2025-07-04 11:19:04,229 [Worker-50: Building] INFO  o.a.m.s.f.DefaultMavenResourcesFiltering - skip non existing resourceDirectory C:\Sprint-workspace\ixigo\src\main\resources
2025-07-04 11:19:04,236 [Worker-50: Building] INFO  o.a.m.s.f.DefaultMavenResourcesFiltering - skip non existing resourceDirectory C:\Sprint-workspace\ixigo\src\test\resources
2025-07-04 11:19:08,964 [Worker-52: Building] INFO  o.a.m.s.f.DefaultMavenResourcesFiltering - skip non existing resourceDirectory C:\Sprint-workspace\ixigo\src\main\resources
2025-07-04 11:19:08,969 [Worker-52: Building] INFO  o.a.m.s.f.DefaultMavenResourcesFiltering - skip non existing resourceDirectory C:\Sprint-workspace\ixigo\src\test\resources
2025-07-04 11:21:55,442 [Worker-52: Building] INFO  o.a.m.s.f.DefaultMavenResourcesFiltering - skip non existing resourceDirectory C:\Sprint-workspace\ixigo\src\main\resources
2025-07-04 11:21:55,442 [Worker-52: Building] INFO  o.a.m.s.f.DefaultMavenResourcesFiltering - skip non existing resourceDirectory C:\Sprint-workspace\ixigo\src\test\resources
2025-07-04 11:24:23,866 [Worker-54: Building] INFO  o.a.m.s.f.DefaultMavenResourcesFiltering - skip non existing resourceDirectory C:\Sprint-workspace\ixigo\src\main\resources
2025-07-04 11:24:23,871 [Worker-54: Building] INFO  o.a.m.s.f.DefaultMavenResourcesFiltering - skip non existing resourceDirectory C:\Sprint-workspace\ixigo\src\test\resources
2025-07-04 11:27:44,097 [Worker-53: Building] INFO  o.a.m.s.f.DefaultMavenResourcesFiltering - skip non existing resourceDirectory C:\Sprint-workspace\ixigo\src\main\resources
2025-07-04 11:27:44,103 [Worker-53: Building] INFO  o.a.m.s.f.DefaultMavenResourcesFiltering - skip non existing resourceDirectory C:\Sprint-workspace\ixigo\src\test\resources
2025-07-04 11:30:49,767 [Worker-58: Building] INFO  o.a.m.s.f.DefaultMavenResourcesFiltering - skip non existing resourceDirectory C:\Sprint-workspace\ixigo\src\main\resources
2025-07-04 11:30:49,773 [Worker-58: Building] INFO  o.a.m.s.f.DefaultMavenResourcesFiltering - skip non existing resourceDirectory C:\Sprint-workspace\ixigo\src\test\resources
2025-07-04 11:31:30,086 [Worker-53: Building] INFO  o.a.m.s.f.DefaultMavenResourcesFiltering - skip non existing resourceDirectory C:\Sprint-workspace\ixigo\src\main\resources
2025-07-04 11:31:30,090 [Worker-53: Building] INFO  o.a.m.s.f.DefaultMavenResourcesFiltering - skip non existing resourceDirectory C:\Sprint-workspace\ixigo\src\test\resources
2025-07-04 11:32:41,520 [Worker-55: Building] INFO  o.a.m.s.f.DefaultMavenResourcesFiltering - skip non existing resourceDirectory C:\Sprint-workspace\ixigo\src\main\resources
2025-07-04 11:32:41,524 [Worker-55: Building] INFO  o.a.m.s.f.DefaultMavenResourcesFiltering - skip non existing resourceDirectory C:\Sprint-workspace\ixigo\src\test\resources
2025-07-04 11:36:41,991 [Worker-55: Building] INFO  o.a.m.s.f.DefaultMavenResourcesFiltering - skip non existing resourceDirectory C:\Sprint-workspace\ixigo\src\main\resources
2025-07-04 11:36:41,993 [Worker-55: Building] INFO  o.a.m.s.f.DefaultMavenResourcesFiltering - skip non existing resourceDirectory C:\Sprint-workspace\ixigo\src\test\resources
2025-07-04 11:37:14,793 [Worker-53: Building] INFO  o.a.m.s.f.DefaultMavenResourcesFiltering - skip non existing resourceDirectory C:\Sprint-workspace\ixigo\src\main\resources
2025-07-04 11:37:14,796 [Worker-53: Building] INFO  o.a.m.s.f.DefaultMavenResourcesFiltering - skip non existing resourceDirectory C:\Sprint-workspace\ixigo\src\test\resources
2025-07-04 11:38:17,272 [Worker-52: Building] INFO  o.a.m.s.f.DefaultMavenResourcesFiltering - skip non existing resourceDirectory C:\Sprint-workspace\ixigo\src\main\resources
2025-07-04 11:38:17,278 [Worker-52: Building] INFO  o.a.m.s.f.DefaultMavenResourcesFiltering - skip non existing resourceDirectory C:\Sprint-workspace\ixigo\src\test\resources
2025-07-04 11:43:02,712 [Worker-52: Building] INFO  o.a.m.s.f.DefaultMavenResourcesFiltering - skip non existing resourceDirectory C:\Sprint-workspace\ixigo\src\main\resources
2025-07-04 11:43:02,723 [Worker-52: Building] INFO  o.a.m.s.f.DefaultMavenResourcesFiltering - skip non existing resourceDirectory C:\Sprint-workspace\ixigo\src\test\resources
2025-07-04 11:45:13,206 [Worker-52: Building] INFO  o.a.m.s.f.DefaultMavenResourcesFiltering - skip non existing resourceDirectory C:\Sprint-workspace\ixigo\src\main\resources
2025-07-04 11:45:13,212 [Worker-52: Building] INFO  o.a.m.s.f.DefaultMavenResourcesFiltering - skip non existing resourceDirectory C:\Sprint-workspace\ixigo\src\test\resources
2025-07-04 12:10:05,290 [Worker-52: Building] INFO  o.a.m.s.f.DefaultMavenResourcesFiltering - skip non existing resourceDirectory C:\Sprint-workspace\ixigo\src\main\resources
2025-07-04 12:10:05,293 [Worker-52: Building] INFO  o.a.m.s.f.DefaultMavenResourcesFiltering - skip non existing resourceDirectory C:\Sprint-workspace\ixigo\src\test\resources
2025-07-04 12:13:00,869 [Worker-62: Building] INFO  o.a.m.s.f.DefaultMavenResourcesFiltering - skip non existing resourceDirectory C:\Sprint-workspace\ixigo\src\main\resources
2025-07-04 12:13:00,872 [Worker-62: Building] INFO  o.a.m.s.f.DefaultMavenResourcesFiltering - skip non existing resourceDirectory C:\Sprint-workspace\ixigo\src\test\resources
2025-07-04 12:13:38,656 [Worker-65: Building] INFO  o.a.m.s.f.DefaultMavenResourcesFiltering - skip non existing resourceDirectory C:\Sprint-workspace\ixigo\src\main\resources
2025-07-04 12:13:38,658 [Worker-65: Building] INFO  o.a.m.s.f.DefaultMavenResourcesFiltering - skip non existing resourceDirectory C:\Sprint-workspace\ixigo\src\test\resources
2025-07-04 12:15:32,320 [Worker-52: Building] INFO  o.a.m.s.f.DefaultMavenResourcesFiltering - skip non existing resourceDirectory C:\Sprint-workspace\ixigo\src\main\resources
2025-07-04 12:15:32,323 [Worker-52: Building] INFO  o.a.m.s.f.DefaultMavenResourcesFiltering - skip non existing resourceDirectory C:\Sprint-workspace\ixigo\src\test\resources
2025-07-04 12:17:43,504 [Worker-62: Building] INFO  o.a.m.s.f.DefaultMavenResourcesFiltering - skip non existing resourceDirectory C:\Sprint-workspace\ixigo\src\main\resources
2025-07-04 12:17:43,506 [Worker-62: Building] INFO  o.a.m.s.f.DefaultMavenResourcesFiltering - skip non existing resourceDirectory C:\Sprint-workspace\ixigo\src\test\resources
2025-07-04 12:24:14,120 [Worker-70: Building] INFO  o.a.m.s.f.DefaultMavenResourcesFiltering - skip non existing resourceDirectory C:\Sprint-workspace\ixigo\src\main\resources
2025-07-04 12:24:14,124 [Worker-70: Building] INFO  o.a.m.s.f.DefaultMavenResourcesFiltering - skip non existing resourceDirectory C:\Sprint-workspace\ixigo\src\test\resources
2025-07-04 12:26:40,787 [Worker-69: Building] INFO  o.a.m.s.f.DefaultMavenResourcesFiltering - skip non existing resourceDirectory C:\Sprint-workspace\ixigo\src\main\resources
2025-07-04 12:26:40,788 [Worker-69: Building] INFO  o.a.m.s.f.DefaultMavenResourcesFiltering - skip non existing resourceDirectory C:\Sprint-workspace\ixigo\src\test\resources
2025-07-04 12:29:15,244 [Worker-62: Building] INFO  o.a.m.s.f.DefaultMavenResourcesFiltering - skip non existing resourceDirectory C:\Sprint-workspace\ixigo\src\main\resources
2025-07-04 12:29:15,246 [Worker-62: Building] INFO  o.a.m.s.f.DefaultMavenResourcesFiltering - skip non existing resourceDirectory C:\Sprint-workspace\ixigo\src\test\resources
2025-07-04 12:30:46,896 [Worker-72: Building] INFO  o.a.m.s.f.DefaultMavenResourcesFiltering - skip non existing resourceDirectory C:\Sprint-workspace\ixigo\src\main\resources
2025-07-04 12:30:46,898 [Worker-72: Building] INFO  o.a.m.s.f.DefaultMavenResourcesFiltering - skip non existing resourceDirectory C:\Sprint-workspace\ixigo\src\test\resources
2025-07-04 12:31:09,643 [Worker-72: Building] INFO  o.a.m.s.f.DefaultMavenResourcesFiltering - skip non existing resourceDirectory C:\Sprint-workspace\ixigo\src\main\resources
2025-07-04 12:31:09,645 [Worker-72: Building] INFO  o.a.m.s.f.DefaultMavenResourcesFiltering - skip non existing resourceDirectory C:\Sprint-workspace\ixigo\src\test\resources
2025-07-04 12:34:28,834 [Worker-70: Building] INFO  o.a.m.s.f.DefaultMavenResourcesFiltering - skip non existing resourceDirectory C:\Sprint-workspace\ixigo\src\main\resources
2025-07-04 12:34:28,837 [Worker-70: Building] INFO  o.a.m.s.f.DefaultMavenResourcesFiltering - skip non existing resourceDirectory C:\Sprint-workspace\ixigo\src\test\resources
2025-07-04 12:34:41,931 [Worker-62: Building] INFO  o.a.m.s.f.DefaultMavenResourcesFiltering - skip non existing resourceDirectory C:\Sprint-workspace\ixigo\src\main\resources
2025-07-04 12:34:41,934 [Worker-62: Building] INFO  o.a.m.s.f.DefaultMavenResourcesFiltering - skip non existing resourceDirectory C:\Sprint-workspace\ixigo\src\test\resources
2025-07-04 12:36:59,991 [Worker-74: Building] INFO  o.a.m.s.f.DefaultMavenResourcesFiltering - skip non existing resourceDirectory C:\Sprint-workspace\ixigo\src\main\resources
2025-07-04 12:36:59,994 [Worker-74: Building] INFO  o.a.m.s.f.DefaultMavenResourcesFiltering - skip non existing resourceDirectory C:\Sprint-workspace\ixigo\src\test\resources
2025-07-04 12:41:06,131 [Worker-71: Building] INFO  o.a.m.s.f.DefaultMavenResourcesFiltering - skip non existing resourceDirectory C:\Sprint-workspace\ixigo\src\main\resources
2025-07-04 12:41:06,134 [Worker-71: Building] INFO  o.a.m.s.f.DefaultMavenResourcesFiltering - skip non existing resourceDirectory C:\Sprint-workspace\ixigo\src\test\resources
2025-07-04 12:51:28,362 [Worker-71: Building] INFO  o.a.m.s.f.DefaultMavenResourcesFiltering - skip non existing resourceDirectory C:\Sprint-workspace\ixigo\src\main\resources
2025-07-04 12:51:28,364 [Worker-71: Building] INFO  o.a.m.s.f.DefaultMavenResourcesFiltering - skip non existing resourceDirectory C:\Sprint-workspace\ixigo\src\test\resources
2025-07-04 14:18:07,220 [Worker-76: Building] INFO  o.a.m.s.f.DefaultMavenResourcesFiltering - skip non existing resourceDirectory C:\Sprint-workspace\ixigo\src\main\resources
2025-07-04 14:18:07,223 [Worker-76: Building] INFO  o.a.m.s.f.DefaultMavenResourcesFiltering - skip non existing resourceDirectory C:\Sprint-workspace\ixigo\src\test\resources
2025-07-04 14:50:05,623 [Worker-76: Building] INFO  o.a.m.s.f.DefaultMavenResourcesFiltering - skip non existing resourceDirectory C:\Sprint-workspace\ixigo\src\main\resources
2025-07-04 14:50:05,627 [Worker-76: Building] INFO  o.a.m.s.f.DefaultMavenResourcesFiltering - skip non existing resourceDirectory C:\Sprint-workspace\ixigo\src\test\resources
2025-07-04 14:51:44,110 [Worker-82: Building] INFO  o.a.m.s.f.DefaultMavenResourcesFiltering - skip non existing resourceDirectory C:\Sprint-workspace\ixigo\src\main\resources
2025-07-04 14:51:44,114 [Worker-82: Building] INFO  o.a.m.s.f.DefaultMavenResourcesFiltering - skip non existing resourceDirectory C:\Sprint-workspace\ixigo\src\test\resources
2025-07-04 14:52:27,298 [Worker-76: Building] INFO  o.a.m.s.f.DefaultMavenResourcesFiltering - skip non existing resourceDirectory C:\Sprint-workspace\ixigo\src\main\resources
2025-07-04 14:52:27,303 [Worker-76: Building] INFO  o.a.m.s.f.DefaultMavenResourcesFiltering - skip non existing resourceDirectory C:\Sprint-workspace\ixigo\src\test\resources
2025-07-04 14:53:10,026 [Worker-76: Building] INFO  o.a.m.s.f.DefaultMavenResourcesFiltering - skip non existing resourceDirectory C:\Sprint-workspace\ixigo\src\main\resources
2025-07-04 14:53:10,032 [Worker-76: Building] INFO  o.a.m.s.f.DefaultMavenResourcesFiltering - skip non existing resourceDirectory C:\Sprint-workspace\ixigo\src\test\resources
2025-07-04 14:55:27,405 [Worker-82: Building] INFO  o.a.m.s.f.DefaultMavenResourcesFiltering - skip non existing resourceDirectory C:\Sprint-workspace\ixigo\src\main\resources
2025-07-04 14:55:27,407 [Worker-82: Building] INFO  o.a.m.s.f.DefaultMavenResourcesFiltering - skip non existing resourceDirectory C:\Sprint-workspace\ixigo\src\test\resources
2025-07-04 14:59:07,890 [Worker-81: Building] INFO  o.a.m.s.f.DefaultMavenResourcesFiltering - skip non existing resourceDirectory C:\Sprint-workspace\ixigo\src\main\resources
2025-07-04 14:59:07,893 [Worker-81: Building] INFO  o.a.m.s.f.DefaultMavenResourcesFiltering - skip non existing resourceDirectory C:\Sprint-workspace\ixigo\src\test\resources
2025-07-04 15:04:34,181 [Worker-85: Building] INFO  o.a.m.s.f.DefaultMavenResourcesFiltering - skip non existing resourceDirectory C:\Sprint-workspace\ixigo\src\main\resources
2025-07-04 15:04:34,184 [Worker-85: Building] INFO  o.a.m.s.f.DefaultMavenResourcesFiltering - skip non existing resourceDirectory C:\Sprint-workspace\ixigo\src\test\resources
2025-07-04 15:07:58,067 [Worker-89: Building] INFO  o.a.m.s.f.DefaultMavenResourcesFiltering - skip non existing resourceDirectory C:\Sprint-workspace\ixigo\src\main\resources
2025-07-04 15:07:58,070 [Worker-89: Building] INFO  o.a.m.s.f.DefaultMavenResourcesFiltering - skip non existing resourceDirectory C:\Sprint-workspace\ixigo\src\test\resources
2025-07-04 15:10:50,108 [Worker-87: Building] INFO  o.a.m.s.f.DefaultMavenResourcesFiltering - skip non existing resourceDirectory C:\Sprint-workspace\ixigo\src\main\resources
2025-07-04 15:10:50,114 [Worker-87: Building] INFO  o.a.m.s.f.DefaultMavenResourcesFiltering - skip non existing resourceDirectory C:\Sprint-workspace\ixigo\src\test\resources
2025-07-04 15:13:24,036 [Worker-87: Building] INFO  o.a.m.s.f.DefaultMavenResourcesFiltering - skip non existing resourceDirectory C:\Sprint-workspace\ixigo\src\main\resources
2025-07-04 15:13:24,038 [Worker-87: Building] INFO  o.a.m.s.f.DefaultMavenResourcesFiltering - skip non existing resourceDirectory C:\Sprint-workspace\ixigo\src\test\resources
2025-07-04 15:14:04,434 [Worker-88: Building] INFO  o.a.m.s.f.DefaultMavenResourcesFiltering - skip non existing resourceDirectory C:\Sprint-workspace\ixigo\src\main\resources
2025-07-04 15:14:04,438 [Worker-88: Building] INFO  o.a.m.s.f.DefaultMavenResourcesFiltering - skip non existing resourceDirectory C:\Sprint-workspace\ixigo\src\test\resources
2025-07-04 15:21:57,698 [Worker-89: Building] INFO  o.a.m.s.f.DefaultMavenResourcesFiltering - skip non existing resourceDirectory C:\Sprint-workspace\ixigo\src\main\resources
2025-07-04 15:21:57,701 [Worker-89: Building] INFO  o.a.m.s.f.DefaultMavenResourcesFiltering - skip non existing resourceDirectory C:\Sprint-workspace\ixigo\src\test\resources
2025-07-04 15:22:56,166 [Worker-81: Building] INFO  o.a.m.s.f.DefaultMavenResourcesFiltering - skip non existing resourceDirectory C:\Sprint-workspace\ixigo\src\main\resources
2025-07-04 15:22:56,170 [Worker-81: Building] INFO  o.a.m.s.f.DefaultMavenResourcesFiltering - skip non existing resourceDirectory C:\Sprint-workspace\ixigo\src\test\resources
2025-07-04 15:23:21,251 [Worker-91: Building] INFO  o.a.m.s.f.DefaultMavenResourcesFiltering - skip non existing resourceDirectory C:\Sprint-workspace\ixigo\src\main\resources
2025-07-04 15:23:21,253 [Worker-91: Building] INFO  o.a.m.s.f.DefaultMavenResourcesFiltering - skip non existing resourceDirectory C:\Sprint-workspace\ixigo\src\test\resources
2025-07-04 15:24:24,483 [Worker-92: Building] INFO  o.a.m.s.f.DefaultMavenResourcesFiltering - skip non existing resourceDirectory C:\Sprint-workspace\ixigo\src\main\resources
2025-07-04 15:24:24,488 [Worker-92: Building] INFO  o.a.m.s.f.DefaultMavenResourcesFiltering - skip non existing resourceDirectory C:\Sprint-workspace\ixigo\src\test\resources
2025-07-04 15:25:47,489 [Worker-90: Building] INFO  o.a.m.s.f.DefaultMavenResourcesFiltering - skip non existing resourceDirectory C:\Sprint-workspace\ixigo\src\main\resources
2025-07-04 15:25:47,491 [Worker-90: Building] INFO  o.a.m.s.f.DefaultMavenResourcesFiltering - skip non existing resourceDirectory C:\Sprint-workspace\ixigo\src\test\resources
2025-07-04 15:28:39,330 [Worker-88: Building] INFO  o.a.m.s.f.DefaultMavenResourcesFiltering - skip non existing resourceDirectory C:\Sprint-workspace\ixigo\src\main\resources
2025-07-04 15:28:39,335 [Worker-88: Building] INFO  o.a.m.s.f.DefaultMavenResourcesFiltering - skip non existing resourceDirectory C:\Sprint-workspace\ixigo\src\test\resources
2025-07-04 15:29:43,403 [Worker-88: Building] INFO  o.a.m.s.f.DefaultMavenResourcesFiltering - skip non existing resourceDirectory C:\Sprint-workspace\ixigo\src\main\resources
2025-07-04 15:29:43,405 [Worker-88: Building] INFO  o.a.m.s.f.DefaultMavenResourcesFiltering - skip non existing resourceDirectory C:\Sprint-workspace\ixigo\src\test\resources
2025-07-04 15:39:52,422 [Worker-89: Building] INFO  o.a.m.s.f.DefaultMavenResourcesFiltering - skip non existing resourceDirectory C:\Sprint-workspace\ixigo\src\main\resources
2025-07-04 15:39:52,424 [Worker-89: Building] INFO  o.a.m.s.f.DefaultMavenResourcesFiltering - skip non existing resourceDirectory C:\Sprint-workspace\ixigo\src\test\resources
2025-07-04 15:48:47,704 [Worker-92: Building] INFO  o.a.m.s.f.DefaultMavenResourcesFiltering - skip non existing resourceDirectory C:\Sprint-workspace\ixigo\src\main\resources
2025-07-04 15:48:47,707 [Worker-92: Building] INFO  o.a.m.s.f.DefaultMavenResourcesFiltering - skip non existing resourceDirectory C:\Sprint-workspace\ixigo\src\test\resources
2025-07-04 15:52:09,714 [Worker-99: Building] INFO  o.a.m.s.f.DefaultMavenResourcesFiltering - skip non existing resourceDirectory C:\Sprint-workspace\ixigo\src\main\resources
2025-07-04 15:52:09,717 [Worker-99: Building] INFO  o.a.m.s.f.DefaultMavenResourcesFiltering - skip non existing resourceDirectory C:\Sprint-workspace\ixigo\src\test\resources
2025-07-04 15:53:07,898 [Worker-96: Building] INFO  o.a.m.s.f.DefaultMavenResourcesFiltering - skip non existing resourceDirectory C:\Sprint-workspace\ixigo\src\main\resources
2025-07-04 15:53:07,901 [Worker-96: Building] INFO  o.a.m.s.f.DefaultMavenResourcesFiltering - skip non existing resourceDirectory C:\Sprint-workspace\ixigo\src\test\resources
2025-07-04 15:55:14,974 [Worker-100: Building] INFO  o.a.m.s.f.DefaultMavenResourcesFiltering - skip non existing resourceDirectory C:\Sprint-workspace\ixigo\src\main\resources
2025-07-04 15:55:14,978 [Worker-100: Building] INFO  o.a.m.s.f.DefaultMavenResourcesFiltering - skip non existing resourceDirectory C:\Sprint-workspace\ixigo\src\test\resources
2025-07-04 15:57:08,405 [Worker-96: Building] INFO  o.a.m.s.f.DefaultMavenResourcesFiltering - skip non existing resourceDirectory C:\Sprint-workspace\ixigo\src\main\resources
2025-07-04 15:57:08,407 [Worker-96: Building] INFO  o.a.m.s.f.DefaultMavenResourcesFiltering - skip non existing resourceDirectory C:\Sprint-workspace\ixigo\src\test\resources
2025-07-04 15:59:41,019 [Worker-96: Building] INFO  o.a.m.s.f.DefaultMavenResourcesFiltering - skip non existing resourceDirectory C:\Sprint-workspace\ixigo\src\main\resources
2025-07-04 15:59:41,021 [Worker-96: Building] INFO  o.a.m.s.f.DefaultMavenResourcesFiltering - skip non existing resourceDirectory C:\Sprint-workspace\ixigo\src\test\resources
2025-07-04 16:01:51,155 [Worker-92: Building] INFO  o.a.m.s.f.DefaultMavenResourcesFiltering - skip non existing resourceDirectory C:\Sprint-workspace\ixigo\src\main\resources
2025-07-04 16:01:51,158 [Worker-92: Building] INFO  o.a.m.s.f.DefaultMavenResourcesFiltering - skip non existing resourceDirectory C:\Sprint-workspace\ixigo\src\test\resources
2025-07-04 16:17:19,459 [Worker-100: Building] INFO  o.a.m.s.f.DefaultMavenResourcesFiltering - skip non existing resourceDirectory C:\Sprint-workspace\ixigo\src\main\resources
2025-07-04 16:17:19,461 [Worker-100: Building] INFO  o.a.m.s.f.DefaultMavenResourcesFiltering - skip non existing resourceDirectory C:\Sprint-workspace\ixigo\src\test\resources
2025-07-04 16:18:44,002 [Worker-100: Building] INFO  o.a.m.s.f.DefaultMavenResourcesFiltering - skip non existing resourceDirectory C:\Sprint-workspace\ixigo\src\main\resources
2025-07-04 16:18:44,005 [Worker-100: Building] INFO  o.a.m.s.f.DefaultMavenResourcesFiltering - skip non existing resourceDirectory C:\Sprint-workspace\ixigo\src\test\resources
